Message 001, content: {"data":"Erika Harrell"}
Message 002, content: {"data":"Nahla Nunez"}
Message 003, content: {"data":"Jaeden Escobar"}
Message 004, content: {"data":"Zane Craft"}
Message 005, content: {"data":"Sebastien Mora"}
