Message 001, content: "Erika Harrell"
Message 002, content: "Nahla Nunez"
Message 003, content: "Jaeden Escobar"
Message 004, content: "Zane Craft"
Message 005, content: "Sebastien Mora"
